// Jest Snapshot v1, https://goo.gl/fbAQLP

exports[`<Layout .../> should match snapshot 1`] = `
<styled.div>
  <styled.div>
    <div
      data-testid="sidebar"
    >
      Sidebar
    </div>
  </styled.div>
  <styled.div>
    <styled.div
      data-count={2}
      key="0"
    >
      <div
        data-testid="tile-age"
        key="tile-age"
      />
    </styled.div>
    <styled.div
      data-count={2}
      key="1"
    >
      <div
        data-testid="tile-need"
        key="tile-need"
      />
    </styled.div>
  </styled.div>
</styled.div>
`;
